---
source: crates/yuzu-render/tests/render_snapshot.rs
expression: guide
---
<!DOCTYPE html>
<html lang="ja" data-theme="light">
<head>
<meta charset="utf-8">
<meta name="viewport" content="width=device-width, initial-scale=1">
<title>はじめに | Fixture Docs</title>

<link rel="stylesheet" href="/docs/_assets/css/theme.css">
<link rel="stylesheet" href="/docs/_assets/css/syntect.css">
<script>
// FOUC 回避: CSS 適用前に保存済みテーマ（なければ OS 設定）を反映する
(function () {
  var stored = null;
  try { stored = localStorage.getItem("yuzu-theme"); } catch (e) {}
  var theme = stored || (window.matchMedia("(prefers-color-scheme: dark)").matches ? "dark" : "light");
  document.documentElement.dataset.theme = theme;
})();
</script>
</head>
<body>
<a class="skip-link" href="#yuzu-main">本文へ移動</a>
<header class="site-header">
<div class="header-left">

<button id="nav-toggle" type="button" aria-label="ナビゲーションを開閉"
        aria-controls="site-sidebar" aria-expanded="false" hidden>☰</button>
<a class="site-title" href="/docs/">Fixture Docs</a>
</div>
<div class="header-tools">
<div class="search" id="yuzu-search">
<input type="search" id="yuzu-search-input" placeholder="検索 ( / )" autocomplete="off"
       role="combobox" aria-expanded="false" aria-controls="yuzu-search-results">
<div class="search-results" id="yuzu-search-results" role="listbox" hidden></div>
</div>
<button id="theme-toggle" type="button" aria-label="ダークモード切替" title="ダークモード切替">◐</button>
</div>
</header>
<div class="layout">


<aside class="sidebar" id="site-sidebar">
<nav class="sidebar-nav" aria-label="サイト内ナビゲーション">

<ul>

<li>
<a href="/docs/">ホーム</a>

</li>

<li>
<span class="nav-label">guide</span>

<ul>

<li class="active">
<a href="/docs/guide/getting-started/" aria-current="page">はじめに</a>

</li>

</ul>

</li>

</ul>

</nav>
</aside>
<main class="content" id="yuzu-main">

<details class="toc-mobile">
<summary>目次</summary>
<ul>

<li class="toc-level-2"><a href="#インストール">インストール</a></li>

<li class="toc-level-2"><a href="#使い方">使い方</a></li>

<li class="toc-level-3"><a href="#詳細">詳細</a></li>

</ul>
</details>


<nav class="breadcrumb" aria-label="現在位置">
<ol>
<li><a href="/docs/">ホーム</a></li>
<li><span class="breadcrumb-label">guide</span></li>
<li><span class="breadcrumb-current" aria-current="page">はじめに</span></li>
</ol>
</nav>

<article class="markdown-body" data-md-url="/docs/guide/getting-started.md">
<h1><a href="#はじめに" aria-hidden="true" class="anchor" id="はじめに"></a>はじめに</h1>
<h2><a href="#インストール" aria-hidden="true" class="anchor" id="インストール"></a>インストール</h2>
<pre class="highlight" data-lang="rust"><code class="language-rust"><span class="line"><span class="yz-source yz-rust"><span class="yz-meta yz-function yz-rust"><span class="yz-meta yz-function yz-rust"><span class="yz-storage yz-type yz-function yz-rust">fn</span> </span><span class="yz-entity yz-name yz-function yz-rust">main</span></span><span class="yz-meta yz-function yz-rust"><span class="yz-meta yz-function yz-parameters yz-rust"><span class="yz-punctuation yz-section yz-parameters yz-begin yz-rust">(</span></span><span class="yz-meta yz-function yz-rust"><span class="yz-meta yz-function yz-parameters yz-rust"><span class="yz-punctuation yz-section yz-parameters yz-end yz-rust">)</span></span></span></span><span class="yz-meta yz-function yz-rust"> </span><span class="yz-meta yz-function yz-rust"><span class="yz-meta yz-block yz-rust"><span class="yz-punctuation yz-section yz-block yz-begin yz-rust">{</span></span></span></span>
</span><span class="line"><span class="yz-source yz-rust"><span class="yz-meta yz-function yz-rust"><span class="yz-meta yz-block yz-rust">    <span class="yz-support yz-macro yz-rust">println!</span><span class="yz-meta yz-group yz-rust"><span class="yz-punctuation yz-section yz-group yz-begin yz-rust">(</span></span><span class="yz-meta yz-group yz-rust"><span class="yz-string yz-quoted yz-double yz-rust"><span class="yz-punctuation yz-definition yz-string yz-begin yz-rust">&quot;</span>こんにちは yuzu<span class="yz-punctuation yz-definition yz-string yz-end yz-rust">&quot;</span></span></span><span class="yz-meta yz-group yz-rust"><span class="yz-punctuation yz-section yz-group yz-end yz-rust">)</span></span><span class="yz-punctuation yz-terminator yz-rust">;</span></span></span></span>
</span><span class="line"><span class="yz-source yz-rust"><span class="yz-meta yz-function yz-rust"><span class="yz-meta yz-block yz-rust"></span><span class="yz-meta yz-block yz-rust"><span class="yz-punctuation yz-section yz-block yz-end yz-rust">}</span></span></span></span>
</span></code></pre>
<h2><a href="#使い方" aria-hidden="true" class="anchor" id="使い方"></a>使い方</h2>
<p><a href="/docs/">ホームへ戻る</a></p>
<h3><a href="#詳細" aria-hidden="true" class="anchor" id="詳細"></a>詳細</h3>
<p>本文。</p>

</article>
<nav class="pager" aria-label="前後のページ">
<a class="pager-prev" rel="prev" href="/docs/"><span class="pager-dir">前のページ</span><span class="pager-title">ホーム</span></a>
</nav>


</main>

<aside class="toc" aria-label="このページの目次">
<div class="toc-title">目次</div>
<ul>

<li class="toc-level-2"><a href="#インストール">インストール</a></li>

<li class="toc-level-2"><a href="#使い方">使い方</a></li>

<li class="toc-level-3"><a href="#詳細">詳細</a></li>

</ul>
</aside>
</div>
<script src="/docs/_assets/js/theme.js"></script>
<script src="/docs/_assets/js/nav.js"></script>
<script src="/docs/_assets/js/scrollspy.js"></script>
<script src="/docs/_assets/js/copy-button.js"></script>
<script src="/docs/_assets/js/page-copy.js"></script>
<script src="/docs/_assets/vendor/mermaid.min.js"></script>
<script src="/docs/_assets/js/mermaid-init.js"></script>
<script type="module" src="/docs/_assets/js/search-ui.js" data-search-base="/docs/_search/" data-base="/docs/"></script>
</body>
</html>
